node_modules/@radix-ui/react-accordion/dist/index.d.ts(2,8): error TS1259: Module '"D:/work/Internship/Clone CCTV Repair Notification Website/node_modules/@types/react/index"' can only be default-imported using the 'allowSyntheticDefaultImports' flag
node_modules/@radix-ui/react-toggle-group/dist/index.d.ts(2,8): error TS1259: Module '"D:/work/Internship/Clone CCTV Repair Notification Website/node_modules/@types/react/index"' can only be default-imported using the 'allowSyntheticDefaultImports' flag
node_modules/react-day-picker/dist/index.d.ts(26,48): error TS2503: Cannot find namespace 'JSX'.
node_modules/react-day-picker/dist/index.d.ts(38,58): error TS2503: Cannot find namespace 'JSX'.
node_modules/react-day-picker/dist/index.d.ts(51,40): error TS2503: Cannot find namespace 'JSX'.
node_modules/react-day-picker/dist/index.d.ts(196,54): error TS2503: Cannot find namespace 'JSX'.
node_modules/react-day-picker/dist/index.d.ts(216,50): error TS2503: Cannot find namespace 'JSX'.
node_modules/react-day-picker/dist/index.d.ts(223,46): error TS2503: Cannot find namespace 'JSX'.
node_modules/react-day-picker/dist/index.d.ts(232,46): error TS2503: Cannot find namespace 'JSX'.
node_modules/react-day-picker/dist/index.d.ts(246,40): error TS2503: Cannot find namespace 'JSX'.
node_modules/react-day-picker/dist/index.d.ts(261,54): error TS2503: Cannot find namespace 'JSX'.
node_modules/react-day-picker/dist/index.d.ts(799,40): error TS2503: Cannot find namespace 'JSX'.
node_modules/react-day-picker/dist/index.d.ts(801,50): error TS2503: Cannot find namespace 'JSX'.
node_modules/react-day-picker/dist/index.d.ts(813,32): error TS2503: Cannot find namespace 'JSX'.
node_modules/react-day-picker/dist/index.d.ts(815,46): error TS2503: Cannot find namespace 'JSX'.
node_modules/react-day-picker/dist/index.d.ts(817,42): error TS2503: Cannot find namespace 'JSX'.
node_modules/react-day-picker/dist/index.d.ts(819,38): error TS2503: Cannot find namespace 'JSX'.
node_modules/react-day-picker/dist/index.d.ts(821,18): error TS2503: Cannot find namespace 'JSX'.
node_modules/react-day-picker/dist/index.d.ts(823,21): error TS2503: Cannot find namespace 'JSX'.
node_modules/react-day-picker/dist/index.d.ts(825,48): error TS2503: Cannot find namespace 'JSX'.
node_modules/react-day-picker/dist/index.d.ts(827,45): error TS2503: Cannot find namespace 'JSX'.
node_modules/react-day-picker/dist/index.d.ts(829,44): error TS2503: Cannot find namespace 'JSX'.
node_modules/react-day-picker/dist/index.d.ts(831,38): error TS2503: Cannot find namespace 'JSX'.
node_modules/react-day-picker/dist/index.d.ts(833,32): error TS2503: Cannot find namespace 'JSX'.
node_modules/react-day-picker/dist/index.d.ts(835,46): error TS2503: Cannot find namespace 'JSX'.
node_modules/react-day-picker/dist/index.d.ts(913,68): error TS2503: Cannot find namespace 'JSX'.
node_modules/react-day-picker/dist/index.d.ts(1025,129): error TS2503: Cannot find namespace 'JSX'.
node_modules/react-day-picker/dist/index.d.ts(1028,20): error TS2503: Cannot find namespace 'JSX'.
node_modules/react-day-picker/dist/index.d.ts(1035,57): error TS2503: Cannot find namespace 'JSX'.
node_modules/react-day-picker/dist/index.d.ts(1040,58): error TS2503: Cannot find namespace 'JSX'.
node_modules/react-day-picker/dist/index.d.ts(1043,26): error TS2503: Cannot find namespace 'JSX'.
node_modules/react-day-picker/dist/index.d.ts(1048,29): error TS2503: Cannot find namespace 'JSX'.
node_modules/react-day-picker/dist/index.d.ts(1053,56): error TS2503: Cannot find namespace 'JSX'.
node_modules/react-day-picker/dist/index.d.ts(1058,53): error TS2503: Cannot find namespace 'JSX'.
node_modules/react-day-picker/dist/index.d.ts(1063,52): error TS2503: Cannot find namespace 'JSX'.
node_modules/react-day-picker/dist/index.d.ts(1178,60): error TS2503: Cannot find namespace 'JSX'.
node_modules/react-day-picker/dist/index.d.ts(1212,5): error TS2503: Cannot find namespace 'JSX'.
node_modules/react-day-picker/dist/index.d.ts(1227,52): error TS2503: Cannot find namespace 'JSX'.
node_modules/react-day-picker/dist/index.d.ts(1252,78): error TS2503: Cannot find namespace 'JSX'.
node_modules/react-day-picker/dist/index.d.ts(1258,115): error TS2503: Cannot find namespace 'JSX'.
node_modules/react-day-picker/dist/index.d.ts(1289,72): error TS2503: Cannot find namespace 'JSX'.
node_modules/react-day-picker/dist/index.d.ts(1295,109): error TS2503: Cannot find namespace 'JSX'.
node_modules/react-day-picker/dist/index.d.ts(1322,74): error TS2503: Cannot find namespace 'JSX'.
node_modules/react-day-picker/dist/index.d.ts(1328,106): error TS2503: Cannot find namespace 'JSX'.
node_modules/react-hook-form/dist/form.d.ts(1,8): error TS1259: Module '"D:/work/Internship/Clone CCTV Repair Notification Website/node_modules/@types/react/index"' can only be default-imported using the 'allowSyntheticDefaultImports' flag
node_modules/react-hook-form/dist/types/controller.d.ts(1,8): error TS1259: Module '"D:/work/Internship/Clone CCTV Repair Notification Website/node_modules/@types/react/index"' can only be default-imported using the 'allowSyntheticDefaultImports' flag
node_modules/react-hook-form/dist/types/form.d.ts(1,8): error TS1259: Module '"D:/work/Internship/Clone CCTV Repair Notification Website/node_modules/@types/react/index"' can only be default-imported using the 'allowSyntheticDefaultImports' flag
node_modules/react-hook-form/dist/useFormContext.d.ts(1,8): error TS1259: Module '"D:/work/Internship/Clone CCTV Repair Notification Website/node_modules/@types/react/index"' can only be default-imported using the 'allowSyntheticDefaultImports' flag
node_modules/recharts/types/cartesian/Area.d.ts(4,8): error TS1259: Module '"D:/work/Internship/Clone CCTV Repair Notification Website/node_modules/@types/react/index"' can only be default-imported using the 'allowSyntheticDefaultImports' flag
node_modules/recharts/types/cartesian/Bar.d.ts(4,8): error TS1259: Module '"D:/work/Internship/Clone CCTV Repair Notification Website/node_modules/@types/react/index"' can only be default-imported using the 'allowSyntheticDefaultImports' flag
node_modules/recharts/types/cartesian/Brush.d.ts(4,8): error TS1259: Module '"D:/work/Internship/Clone CCTV Repair Notification Website/node_modules/@types/react/index"' can only be default-imported using the 'allowSyntheticDefaultImports' flag
node_modules/recharts/types/cartesian/CartesianAxis.d.ts(4,8): error TS1259: Module '"D:/work/Internship/Clone CCTV Repair Notification Website/node_modules/@types/react/index"' can only be default-imported using the 'allowSyntheticDefaultImports' flag
node_modules/recharts/types/cartesian/CartesianGrid.d.ts(4,8): error TS1259: Module '"D:/work/Internship/Clone CCTV Repair Notification Website/node_modules/@types/react/index"' can only be default-imported using the 'allowSyntheticDefaultImports' flag
node_modules/recharts/types/cartesian/ErrorBar.d.ts(4,8): error TS1259: Module '"D:/work/Internship/Clone CCTV Repair Notification Website/node_modules/@types/react/index"' can only be default-imported using the 'allowSyntheticDefaultImports' flag
node_modules/recharts/types/cartesian/Line.d.ts(4,8): error TS1259: Module '"D:/work/Internship/Clone CCTV Repair Notification Website/node_modules/@types/react/index"' can only be default-imported using the 'allowSyntheticDefaultImports' flag
node_modules/recharts/types/cartesian/ReferenceArea.d.ts(4,8): error TS1259: Module '"D:/work/Internship/Clone CCTV Repair Notification Website/node_modules/@types/react/index"' can only be default-imported using the 'allowSyntheticDefaultImports' flag
node_modules/recharts/types/cartesian/ReferenceDot.d.ts(4,8): error TS1259: Module '"D:/work/Internship/Clone CCTV Repair Notification Website/node_modules/@types/react/index"' can only be default-imported using the 'allowSyntheticDefaultImports' flag
node_modules/recharts/types/cartesian/ReferenceLine.d.ts(4,8): error TS1259: Module '"D:/work/Internship/Clone CCTV Repair Notification Website/node_modules/@types/react/index"' can only be default-imported using the 'allowSyntheticDefaultImports' flag
node_modules/recharts/types/cartesian/Scatter.d.ts(4,8): error TS1259: Module '"D:/work/Internship/Clone CCTV Repair Notification Website/node_modules/@types/react/index"' can only be default-imported using the 'allowSyntheticDefaultImports' flag
node_modules/recharts/types/cartesian/XAxis.d.ts(4,8): error TS1259: Module '"D:/work/Internship/Clone CCTV Repair Notification Website/node_modules/@types/react/index"' can only be default-imported using the 'allowSyntheticDefaultImports' flag
node_modules/recharts/types/cartesian/YAxis.d.ts(4,8): error TS1259: Module '"D:/work/Internship/Clone CCTV Repair Notification Website/node_modules/@types/react/index"' can only be default-imported using the 'allowSyntheticDefaultImports' flag
node_modules/recharts/types/cartesian/ZAxis.d.ts(4,8): error TS1259: Module '"D:/work/Internship/Clone CCTV Repair Notification Website/node_modules/@types/react/index"' can only be default-imported using the 'allowSyntheticDefaultImports' flag
node_modules/recharts/types/chart/generateCategoricalChart.d.ts(1,8): error TS1259: Module '"D:/work/Internship/Clone CCTV Repair Notification Website/node_modules/@types/react/index"' can only be default-imported using the 'allowSyntheticDefaultImports' flag
node_modules/recharts/types/chart/generateCategoricalChart.d.ts(2,36): error TS7016: Could not find a declaration file for module 'lodash'. 'D:/work/Internship/Clone CCTV Repair Notification Website/node_modules/lodash/lodash.js' implicitly has an 'any' type.
  Try `npm i --save-dev @types/lodash` if it exists or add a new declaration (.d.ts) file containing `declare module 'lodash';`
node_modules/recharts/types/chart/Sankey.d.ts(4,8): error TS1259: Module '"D:/work/Internship/Clone CCTV Repair Notification Website/node_modules/@types/react/index"' can only be default-imported using the 'allowSyntheticDefaultImports' flag
node_modules/recharts/types/chart/SunburstChart.d.ts(1,8): error TS1259: Module '"D:/work/Internship/Clone CCTV Repair Notification Website/node_modules/@types/react/index"' can only be default-imported using the 'allowSyntheticDefaultImports' flag
node_modules/recharts/types/chart/Treemap.d.ts(4,8): error TS1259: Module '"D:/work/Internship/Clone CCTV Repair Notification Website/node_modules/@types/react/index"' can only be default-imported using the 'allowSyntheticDefaultImports' flag
node_modules/recharts/types/component/Customized.d.ts(4,8): error TS1259: Module '"D:/work/Internship/Clone CCTV Repair Notification Website/node_modules/@types/react/index"' can only be default-imported using the 'allowSyntheticDefaultImports' flag
node_modules/recharts/types/component/DefaultLegendContent.d.ts(4,8): error TS1259: Module '"D:/work/Internship/Clone CCTV Repair Notification Website/node_modules/@types/react/index"' can only be default-imported using the 'allowSyntheticDefaultImports' flag
node_modules/recharts/types/component/DefaultTooltipContent.d.ts(4,8): error TS1259: Module '"D:/work/Internship/Clone CCTV Repair Notification Website/node_modules/@types/react/index"' can only be default-imported using the 'allowSyntheticDefaultImports' flag
node_modules/recharts/types/component/Label.d.ts(1,8): error TS1259: Module '"D:/work/Internship/Clone CCTV Repair Notification Website/node_modules/@types/react/index"' can only be default-imported using the 'allowSyntheticDefaultImports' flag
node_modules/recharts/types/component/LabelList.d.ts(1,8): error TS1259: Module '"D:/work/Internship/Clone CCTV Repair Notification Website/node_modules/@types/react/index"' can only be default-imported using the 'allowSyntheticDefaultImports' flag
node_modules/recharts/types/component/Legend.d.ts(4,8): error TS1259: Module '"D:/work/Internship/Clone CCTV Repair Notification Website/node_modules/@types/react/index"' can only be default-imported using the 'allowSyntheticDefaultImports' flag
node_modules/recharts/types/component/ResponsiveContainer.d.ts(1,8): error TS1259: Module '"D:/work/Internship/Clone CCTV Repair Notification Website/node_modules/@types/react/index"' can only be default-imported using the 'allowSyntheticDefaultImports' flag
node_modules/recharts/types/component/Text.d.ts(1,8): error TS1259: Module '"D:/work/Internship/Clone CCTV Repair Notification Website/node_modules/@types/react/index"' can only be default-imported using the 'allowSyntheticDefaultImports' flag
node_modules/recharts/types/component/Tooltip.d.ts(4,8): error TS1259: Module '"D:/work/Internship/Clone CCTV Repair Notification Website/node_modules/@types/react/index"' can only be default-imported using the 'allowSyntheticDefaultImports' flag
node_modules/recharts/types/container/Layer.d.ts(1,8): error TS1259: Module '"D:/work/Internship/Clone CCTV Repair Notification Website/node_modules/@types/react/index"' can only be default-imported using the 'allowSyntheticDefaultImports' flag
node_modules/recharts/types/container/Surface.d.ts(4,8): error TS1259: Module '"D:/work/Internship/Clone CCTV Repair Notification Website/node_modules/@types/react/index"' can only be default-imported using the 'allowSyntheticDefaultImports' flag
node_modules/recharts/types/numberAxis/Funnel.d.ts(4,8): error TS1259: Module '"D:/work/Internship/Clone CCTV Repair Notification Website/node_modules/@types/react/index"' can only be default-imported using the 'allowSyntheticDefaultImports' flag
node_modules/recharts/types/polar/Pie.d.ts(4,8): error TS1259: Module '"D:/work/Internship/Clone CCTV Repair Notification Website/node_modules/@types/react/index"' can only be default-imported using the 'allowSyntheticDefaultImports' flag
node_modules/recharts/types/polar/PolarAngleAxis.d.ts(4,8): error TS1259: Module '"D:/work/Internship/Clone CCTV Repair Notification Website/node_modules/@types/react/index"' can only be default-imported using the 'allowSyntheticDefaultImports' flag
node_modules/recharts/types/polar/PolarGrid.d.ts(4,8): error TS1259: Module '"D:/work/Internship/Clone CCTV Repair Notification Website/node_modules/@types/react/index"' can only be default-imported using the 'allowSyntheticDefaultImports' flag
node_modules/recharts/types/polar/PolarRadiusAxis.d.ts(4,8): error TS1259: Module '"D:/work/Internship/Clone CCTV Repair Notification Website/node_modules/@types/react/index"' can only be default-imported using the 'allowSyntheticDefaultImports' flag
node_modules/recharts/types/polar/Radar.d.ts(4,8): error TS1259: Module '"D:/work/Internship/Clone CCTV Repair Notification Website/node_modules/@types/react/index"' can only be default-imported using the 'allowSyntheticDefaultImports' flag
node_modules/recharts/types/polar/RadialBar.d.ts(4,8): error TS1259: Module '"D:/work/Internship/Clone CCTV Repair Notification Website/node_modules/@types/react/index"' can only be default-imported using the 'allowSyntheticDefaultImports' flag
node_modules/recharts/types/shape/Cross.d.ts(4,8): error TS1259: Module '"D:/work/Internship/Clone CCTV Repair Notification Website/node_modules/@types/react/index"' can only be default-imported using the 'allowSyntheticDefaultImports' flag
node_modules/recharts/types/shape/Curve.d.ts(4,8): error TS1259: Module '"D:/work/Internship/Clone CCTV Repair Notification Website/node_modules/@types/react/index"' can only be default-imported using the 'allowSyntheticDefaultImports' flag
node_modules/recharts/types/shape/Dot.d.ts(4,8): error TS1259: Module '"D:/work/Internship/Clone CCTV Repair Notification Website/node_modules/@types/react/index"' can only be default-imported using the 'allowSyntheticDefaultImports' flag
node_modules/recharts/types/shape/Polygon.d.ts(4,8): error TS1259: Module '"D:/work/Internship/Clone CCTV Repair Notification Website/node_modules/@types/react/index"' can only be default-imported using the 'allowSyntheticDefaultImports' flag
node_modules/recharts/types/shape/Rectangle.d.ts(4,8): error TS1259: Module '"D:/work/Internship/Clone CCTV Repair Notification Website/node_modules/@types/react/index"' can only be default-imported using the 'allowSyntheticDefaultImports' flag
node_modules/recharts/types/shape/Sector.d.ts(4,8): error TS1259: Module '"D:/work/Internship/Clone CCTV Repair Notification Website/node_modules/@types/react/index"' can only be default-imported using the 'allowSyntheticDefaultImports' flag
node_modules/recharts/types/shape/Symbols.d.ts(4,8): error TS1259: Module '"D:/work/Internship/Clone CCTV Repair Notification Website/node_modules/@types/react/index"' can only be default-imported using the 'allowSyntheticDefaultImports' flag
node_modules/recharts/types/shape/Trapezoid.d.ts(4,8): error TS1259: Module '"D:/work/Internship/Clone CCTV Repair Notification Website/node_modules/@types/react/index"' can only be default-imported using the 'allowSyntheticDefaultImports' flag
node_modules/recharts/types/util/BarUtils.d.ts(1,8): error TS1259: Module '"D:/work/Internship/Clone CCTV Repair Notification Website/node_modules/@types/react/index"' can only be default-imported using the 'allowSyntheticDefaultImports' flag
node_modules/sonner/dist/index.d.ts(1,8): error TS1259: Module '"D:/work/Internship/Clone CCTV Repair Notification Website/node_modules/@types/react/index"' can only be default-imported using the 'allowSyntheticDefaultImports' flag
node_modules/vaul/dist/index.d.ts(2,8): error TS1259: Module '"D:/work/Internship/Clone CCTV Repair Notification Website/node_modules/@types/react/index"' can only be default-imported using the 'allowSyntheticDefaultImports' flag
src/app/components/Dashboard.tsx(6,10): error TS2305: Module '"@/lib/storage"' has no exported member 'storage'.
src/app/components/Dashboard.tsx(36,35): error TS7006: Parameter 'r' implicitly has an 'any' type.
src/app/components/Dashboard.tsx(37,38): error TS7006: Parameter 'r' implicitly has an 'any' type.
src/app/components/Dashboard.tsx(38,37): error TS7006: Parameter 'r' implicitly has an 'any' type.
src/app/components/Dashboard.tsx(39,37): error TS7006: Parameter 'r' implicitly has an 'any' type.
src/app/components/Dashboard.tsx(167,19): error TS2607: JSX element class does not support attributes because it does not have a 'props' property.
src/app/components/Dashboard.tsx(167,20): error TS2786: 'XAxis' cannot be used as a JSX component.
  Its type 'typeof XAxis' is not a valid JSX element type.
    Type 'typeof XAxis' is not assignable to type 'new (props: any, context: any) => Component<any, any, any>'.
      Type 'XAxis' is missing the following properties from type 'Component<any, any, any>': context, setState, forceUpdate, props, state
src/app/components/Dashboard.tsx(168,20): error TS2786: 'YAxis' cannot be used as a JSX component.
  Its type 'typeof YAxis' is not a valid JSX element type.
    Type 'typeof YAxis' is not assignable to type 'new (props: any, context: any) => Component<any, any, any>'.
      Type 'YAxis' is missing the following properties from type 'Component<any, any, any>': context, setState, forceUpdate, props, state
src/app/components/Dashboard.tsx(192,17): error TS2607: JSX element class does not support attributes because it does not have a 'props' property.
src/app/components/Dashboard.tsx(192,18): error TS2786: 'XAxis' cannot be used as a JSX component.
  Its type 'typeof XAxis' is not a valid JSX element type.
    Type 'typeof XAxis' is not assignable to type 'new (props: any, context: any) => Component<any, any, any>'.
      Type 'XAxis' is missing the following properties from type 'Component<any, any, any>': context, setState, forceUpdate, props, state
src/app/components/Dashboard.tsx(193,17): error TS2607: JSX element class does not support attributes because it does not have a 'props' property.
src/app/components/Dashboard.tsx(193,18): error TS2786: 'YAxis' cannot be used as a JSX component.
  Its type 'typeof YAxis' is not a valid JSX element type.
    Type 'typeof YAxis' is not assignable to type 'new (props: any, context: any) => Component<any, any, any>'.
      Type 'YAxis' is missing the following properties from type 'Component<any, any, any>': context, setState, forceUpdate, props, state
src/app/components/DashboardPage.tsx(340,15): error TS2607: JSX element class does not support attributes because it does not have a 'props' property.
src/app/components/DashboardPage.tsx(340,16): error TS2786: 'XAxis' cannot be used as a JSX component.
  Its type 'typeof XAxis' is not a valid JSX element type.
    Type 'typeof XAxis' is not assignable to type 'new (props: any, context: any) => Component<any, any, any>'.
      Type 'XAxis' is missing the following properties from type 'Component<any, any, any>': context, setState, forceUpdate, props, state
src/app/components/DashboardPage.tsx(341,16): error TS2786: 'YAxis' cannot be used as a JSX component.
  Its type 'typeof YAxis' is not a valid JSX element type.
    Type 'typeof YAxis' is not assignable to type 'new (props: any, context: any) => Component<any, any, any>'.
      Type 'YAxis' is missing the following properties from type 'Component<any, any, any>': context, setState, forceUpdate, props, state
src/app/components/figma/ImageWithFallback.tsx(1,8): error TS1259: Module '"D:/work/Internship/Clone CCTV Repair Notification Website/node_modules/@types/react/index"' can only be default-imported using the 'allowSyntheticDefaultImports' flag
src/app/components/Navigation.tsx(1,35): error TS2307: Cannot find module 'react-router-dom' or its corresponding type declarations.
src/app/components/NVRDashboard.tsx(359,15): error TS2607: JSX element class does not support attributes because it does not have a 'props' property.
src/app/components/NVRDashboard.tsx(359,16): error TS2786: 'XAxis' cannot be used as a JSX component.
  Its type 'typeof XAxis' is not a valid JSX element type.
    Type 'typeof XAxis' is not assignable to type 'new (props: any, context: any) => Component<any, any, any>'.
      Type 'XAxis' is missing the following properties from type 'Component<any, any, any>': context, setState, forceUpdate, props, state
src/app/components/NVRDashboard.tsx(360,16): error TS2786: 'YAxis' cannot be used as a JSX component.
  Its type 'typeof YAxis' is not a valid JSX element type.
    Type 'typeof YAxis' is not assignable to type 'new (props: any, context: any) => Component<any, any, any>'.
      Type 'YAxis' is missing the following properties from type 'Component<any, any, any>': context, setState, forceUpdate, props, state
src/app/components/StatusTracking.tsx(22,10): error TS2305: Module '"@/lib/storage"' has no exported member 'storage'.
src/app/components/StatusTracking.tsx(52,35): error TS7006: Parameter 'a' implicitly has an 'any' type.
src/app/components/StatusTracking.tsx(52,38): error TS7006: Parameter 'b' implicitly has an 'any' type.
src/app/services/nvrService.ts(2,42): error TS2307: Cannot find module '/utils/supabase/info' or its corresponding type declarations.
src/lib/mockData.ts(2,10): error TS2305: Module '"@/lib/storage"' has no exported member 'storage'.
src/main.tsx(3,19): error TS5097: An import path can only end with a '.tsx' extension when 'allowImportingTsExtensions' is enabled.
